Archive member included to satisfy reference by file (symbol)

build/cooja/mtype801.a(simEnvChange.o)
                              build/cooja/mtype801.o (simDontFallAsleep)
build/cooja/mtype801.a(cooja_mt.o)
                              build/cooja/mtype801.o (cooja_mt_start)
build/cooja/mtype801.a(cooja_mtarch.o)
                              build/cooja/mtype801.a(cooja_mt.o) (cooja_mtarch_start)
build/cooja/mtype801.a(rtimer-arch.o)
                              build/cooja/mtype801.o (rtimer_arch_check)
build/cooja/mtype801.a(beep.o)
                              build/cooja/mtype801.o (beep_interface)
build/cooja/mtype801.a(leds-arch.o)
                              build/cooja/mtype801.o (leds_interface)
build/cooja/mtype801.a(moteid.o)
                              build/cooja/mtype801.o (moteid_interface)
build/cooja/mtype801.a(pir-sensor.o)
                              build/cooja/mtype801.o (pir_interface)
build/cooja/mtype801.a(rs232.o)
                              build/cooja/mtype801.o (rs232_interface)
build/cooja/mtype801.a(vib-sensor.o)
                              build/cooja/mtype801.o (vib_interface)
build/cooja/mtype801.a(clock.o)
                              build/cooja/mtype801.o (clock_interface)
build/cooja/mtype801.a(cooja-log.o)
                              build/cooja/mtype801.o (simlog_interface)
build/cooja/mtype801.a(cfs-cooja.o)
                              build/cooja/mtype801.o (cfs_interface)
build/cooja/mtype801.a(cooja-radio.o)
                              build/cooja/mtype801.o (radio_interface)
build/cooja/mtype801.a(eeprom.o)
                              build/cooja/mtype801.o (eeprom_interface)
build/cooja/mtype801.a(random.o)
                              build/cooja/mtype801.a(moteid.o) (random_init)
build/cooja/mtype801.a(sensors.o)
                              build/cooja/mtype801.a(pir-sensor.o) (sensors_changed)
build/cooja/mtype801.a(leds.o)
                              build/cooja/mtype801.a(leds-arch.o) (leds_get)
build/cooja/mtype801.a(gpio-hal-arch.o)
                              build/cooja/mtype801.a(leds-arch.o) (gpio_hal_arch_register_pin_callback)
build/cooja/mtype801.a(buttons.o)
                              build/cooja/mtype801.o (button_interface)
build/cooja/mtype801.a(contiki-main.o)
                              build/cooja/mtype801.o (main)
build/cooja/mtype801.a(autostart.o)
                              build/cooja/mtype801.a(contiki-main.o) (autostart_start)
build/cooja/mtype801.a(energest.o)
                              build/cooja/mtype801.a(contiki-main.o) (energest_init)
build/cooja/mtype801.a(etimer.o)
                              build/cooja/mtype801.a(contiki-main.o) (etimer_process)
build/cooja/mtype801.a(log.o)
                              build/cooja/mtype801.a(contiki-main.o) (curr_log_level_main)
build/cooja/mtype801.a(ctimer.o)
                              build/cooja/mtype801.a(contiki-main.o) (ctimer_init)
build/cooja/mtype801.a(process.o)
                              build/cooja/mtype801.a(etimer.o) (process_current)
build/cooja/mtype801.a(rtimer.o)
                              build/cooja/mtype801.a(contiki-main.o) (rtimer_init)
build/cooja/mtype801.a(node-id.o)
                              build/cooja/mtype801.a(contiki-main.o) (node_id)
build/cooja/mtype801.a(timer.o)
                              build/cooja/mtype801.a(etimer.o) (timer_set)
build/cooja/mtype801.a(list.o)
                              build/cooja/mtype801.a(ctimer.o) (list_init)
build/cooja/mtype801.a(button-hal.o)
                              build/cooja/mtype801.o (button_hal_init)
build/cooja/mtype801.a(serial-line.o)
                              build/cooja/mtype801.a(rs232.o) (serial_line_input_byte)
build/cooja/mtype801.a(gpio-hal.o)
                              build/cooja/mtype801.a(button-hal.o) (gpio_hal_register_handler)
build/cooja/mtype801.a(queuebuf.o)
                              build/cooja/mtype801.a(contiki-main.o) (queuebuf_init)
build/cooja/mtype801.a(packetbuf.o)
                              build/cooja/mtype801.a(cooja-radio.o) (packetbuf_clear)
build/cooja/mtype801.a(netstack.o)
                              build/cooja/mtype801.a(contiki-main.o) (netstack_init)
build/cooja/mtype801.a(linkaddr.o)
                              build/cooja/mtype801.a(contiki-main.o) (linkaddr_node_addr)
build/cooja/mtype801.a(csma.o)
                              build/cooja/mtype801.a(cooja-radio.o) (csma_driver)
build/cooja/mtype801.a(csma-output.o)
                              build/cooja/mtype801.a(csma.o) (csma_output_packet)
build/cooja/mtype801.a(uip-ds6.o)
                              build/cooja/mtype801.a(contiki-main.o) (uip_ds6_get_link_local)
build/cooja/mtype801.a(uiplib.o)
                              build/cooja/mtype801.a(log.o) (uiplib_ipaddr_snprint)
build/cooja/mtype801.a(uip-ds6-route.o)
                              build/cooja/mtype801.a(uip-ds6.o) (uip_ds6_route_init)
[...]
Memory Configuration

Name             Origin             Length             Attributes
*default*        0x0000000000000000 0xffffffffffffffff

Linker script and memory map

LOAD /usr/lib/gcc/i686-linux-gnu/7/../../../i386-linux-gnu/crti.o
LOAD /usr/lib/gcc/i686-linux-gnu/7/crtbeginS.o
LOAD udp-gateway.o
LOAD build/cooja/mtype801.o
LOAD build/cooja/mtype801.a
LOAD /usr/lib/gcc/i686-linux-gnu/7/libgcc.a
LOAD /usr/lib/gcc/i686-linux-gnu/7/libgcc_s.so
START GROUP
LOAD /usr/lib/gcc/i686-linux-gnu/7/libgcc_s.so.1
LOAD /usr/lib/gcc/i686-linux-gnu/7/libgcc.a
END GROUP
LOAD /usr/lib/gcc/i686-linux-gnu/7/../../../i386-linux-gnu/libc.so
START GROUP
LOAD /lib/i386-linux-gnu/libc.so.6
LOAD /usr/lib/i386-linux-gnu/libc_nonshared.a
LOAD /lib/i386-linux-gnu/ld-linux.so.2
END GROUP
LOAD /usr/lib/gcc/i686-linux-gnu/7/libgcc.a
LOAD /usr/lib/gcc/i686-linux-gnu/7/libgcc_s.so
START GROUP
LOAD /usr/lib/gcc/i686-linux-gnu/7/libgcc_s.so.1
LOAD /usr/lib/gcc/i686-linux-gnu/7/libgcc.a
END GROUP
LOAD /usr/lib/gcc/i686-linux-gnu/7/crtendS.o
LOAD /usr/lib/gcc/i686-linux-gnu/7/../../../i386-linux-gnu/crtn.o
                0x0000000000000114                . = (SEGMENT_START ("text-segment", 0x0) + SIZEOF_HEADERS)

.note.gnu.build-id
                0x0000000000000114       0x24
 *(.note.gnu.build-id)
 .note.gnu.build-id
                0x0000000000000114       0x24 /usr/lib/gcc/i686-linux-gnu/7/../../../i386-linux-gnu/crti.o

.hash
 *(.hash)

.gnu.hash       0x0000000000000138     0x1420
 *(.gnu.hash)
 .gnu.hash      0x0000000000000138     0x1420 /usr/lib/gcc/i686-linux-gnu/7/../../../i386-linux-gnu/crti.o

.dynsym         0x0000000000001558     0x28d0
 *(.dynsym)
 .dynsym        0x0000000000001558     0x28d0 /usr/lib/gcc/i686-linux-gnu/7/../../../i386-linux-gnu/crti.o

.dynstr         0x0000000000003e28     0x2e3a
 *(.dynstr)
 .dynstr        0x0000000000003e28     0x2e3a /usr/lib/gcc/i686-linux-gnu/7/../../../i386-linux-gnu/crti.o

.gnu.version    0x0000000000006c62      0x51a
 *(.gnu.version)
 .gnu.version   0x0000000000006c62      0x51a /usr/lib/gcc/i686-linux-gnu/7/../../../i386-linux-gnu/crti.o

.gnu.version_d  0x000000000000717c        0x0
 *(.gnu.version_d)
 .gnu.version_d
                0x000000000000717c        0x0 /usr/lib/gcc/i686-linux-gnu/7/../../../i386-linux-gnu/crti.o

.gnu.version_r  0x000000000000717c       0x40
 *(.gnu.version_r)
 .gnu.version_r
                0x000000000000717c       0x40 /usr/lib/gcc/i686-linux-gnu/7/../../../i386-linux-gnu/crti.o

.rel.dyn        0x00000000000071bc      0xda0
 *(.rel.init)
 .rel.init      0x00000000000071bc        0x0 /usr/lib/gcc/i686-linux-gnu/7/../../../i386-linux-gnu/crti.o
 *(.rel.text .rel.text.* .rel.gnu.linkonce.t.*)
 .rel.text      0x00000000000071bc      0x4e0 /usr/lib/gcc/i686-linux-gnu/7/../../../i386-linux-gnu/crti.o
 *(.rel.fini)
 .rel.fini      0x000000000000769c        0x0 /usr/lib/gcc/i686-linux-gnu/7/../../../i386-linux-gnu/crti.o
 *(.rel.rodata .rel.rodata.* .rel.gnu.linkonce.r.*)
 *(.rel.data.rel.ro .rel.data.rel.ro.* .rel.gnu.linkonce.d.rel.ro.*)
 .rel.data.rel.ro.local
                0x000000000000769c      0x208 /usr/lib/gcc/i686-linux-gnu/7/../../../i386-linux-gnu/crti.o
 .rel.data.rel.ro
                0x00000000000078a4       0xb0 /usr/lib/gcc/i686-linux-gnu/7/../../../i386-linux-gnu/crti.o
 *(.rel.data .rel.data.* .rel.gnu.linkonce.d.*)
 .rel.data.rel.local
                0x0000000000007954      0x2f0 /usr/lib/gcc/i686-linux-gnu/7/../../../i386-linux-gnu/crti.o
 .rel.data.rel  0x0000000000007c44       0x78 /usr/lib/gcc/i686-linux-gnu/7/../../../i386-linux-gnu/crti.o
 *(.rel.tdata .rel.tdata.* .rel.gnu.linkonce.td.*)
 *(.rel.tbss .rel.tbss.* .rel.gnu.linkonce.tb.*)
 *(.rel.ctors)
 *(.rel.dtors)
 *(.rel.got)
 .rel.got       0x0000000000007cbc      0x290 /usr/lib/gcc/i686-linux-gnu/7/../../../i386-linux-gnu/crti.o
 *(.rel.bss .rel.bss.* .rel.gnu.linkonce.b.*)
 *(.rel.ifunc)
 .rel.ifunc     0x0000000000007f4c        0x0 /usr/lib/gcc/i686-linux-gnu/7/../../../i386-linux-gnu/crti.o
 .rel.fini_array
                0x0000000000007f4c        0x8 /usr/lib/gcc/i686-linux-gnu/7/../../../i386-linux-gnu/crti.o
 .rel.init_array
                0x0000000000007f54        0x8 /usr/lib/gcc/i686-linux-gnu/7/../../../i386-linux-gnu/crti.o

.rel.plt        0x0000000000007f5c      0x958
 *(.rel.plt)
 .rel.plt       0x0000000000007f5c      0x958 /usr/lib/gcc/i686-linux-gnu/7/../../../i386-linux-gnu/crti.o
 *(.rel.iplt)

.init           0x00000000000088b4       0x23
 *(SORT_NONE(.init))
 .init          0x00000000000088b4       0x1e /usr/lib/gcc/i686-linux-gnu/7/../../../i386-linux-gnu/crti.o
                0x00000000000088b4                _init
 .init          0x00000000000088d2        0x5 /usr/lib/gcc/i686-linux-gnu/7/../../../i386-linux-gnu/crtn.o

.plt            0x00000000000088e0     0x12c0
 *(.plt)
 .plt           0x00000000000088e0     0x12c0 /usr/lib/gcc/i686-linux-gnu/7/../../../i386-linux-gnu/crti.o
 *(.iplt)

.plt.got        0x0000000000009ba0       0x18
 *(.plt.got)
 .plt.got       0x0000000000009ba0       0x18 /usr/lib/gcc/i686-linux-gnu/7/../../../i386-linux-gnu/crti.o

.plt.sec
 *(.plt.sec)

.text           0x0000000000009bc0    0x17e14
 *(.text.unlikely .text.*_unlikely .text.unlikely.*)
 *(.text.exit .text.exit.*)
 *(.text.startup .text.startup.*)
 *(.text.hot .text.hot.*)
 *(.text .stub .text.* .gnu.linkonce.t.*)
 .text          0x0000000000009bc0        0x0 /usr/lib/gcc/i686-linux-gnu/7/../../../i386-linux-gnu/crti.o
 .gnu.linkonce.t.__x86.get_pc_thunk.bx
                0x0000000000009bc0        0x4 /usr/lib/gcc/i686-linux-gnu/7/../../../i386-linux-gnu/crti.o
                0x0000000000009bc0                __x86.get_pc_thunk.bx
 *fill*         0x0000000000009bc4        0xc 
 .text          0x0000000000009bd0       0xe9 /usr/lib/gcc/i686-linux-gnu/7/crtbeginS.o
 .text.__x86.get_pc_thunk.dx
                0x0000000000009cb9        0x4 /usr/lib/gcc/i686-linux-gnu/7/crtbeginS.o
                0x0000000000009cb9                __x86.get_pc_thunk.dx
 .text          0x0000000000009cbd      0x4a4 udp-gateway.o
                0x0000000000009cbd                create_lattice
                0x0000000000009dc5                get_lattice
 .text.__x86.get_pc_thunk.ax
                0x000000000000a161        0x4 udp-gateway.o
                0x000000000000a161                __x86.get_pc_thunk.ax
 .text          0x000000000000a165      0x36b build/cooja/mtype801.o
                0x000000000000a217                platform_init_stage_one
                0x000000000000a23a                platform_init_stage_two
                0x000000000000a25d                platform_init_stage_three
                0x000000000000a280                platform_main_loop
                0x000000000000a326                Java_org_contikios_cooja_corecomm_Lib1_init
                0x000000000000a374                Java_org_contikios_cooja_corecomm_Lib1_getMemory
                0x000000000000a3b4                Java_org_contikios_cooja_corecomm_Lib1_setMemory
                0x000000000000a425                Java_org_contikios_cooja_corecomm_Lib1_tick
                0x000000000000a4af                Java_org_contikios_cooja_corecomm_Lib1_setReferenceAddress
 .text          0x000000000000a4d0       0x8d build/cooja/mtype801.a(simEnvChange.o)
                0x000000000000a4d0                doActionsBeforeTick
                0x000000000000a516                doActionsAfterTick
 .text          0x000000000000a55d       0xb6 build/cooja/mtype801.a(cooja_mt.o)
                0x000000000000a55d                cooja_mt_start
                0x000000000000a597                cooja_mt_exec
                0x000000000000a5de                cooja_mt_yield
 .text          0x000000000000a613       0xf2 build/cooja/mtype801.a(cooja_mtarch.o)
                0x000000000000a613                cooja_mtarch_start
                0x000000000000a697                cooja_sw
                0x000000000000a6c5                cooja_mtarch_exec
                0x000000000000a6f0                cooja_mtarch_yield
 .text          0x000000000000a705      0x127 build/cooja/mtype801.a(rtimer-arch.o)
                0x000000000000a705                rtimer_arch_init
                0x000000000000a734                rtimer_arch_schedule
                0x000000000000a776                rtimer_arch_next
                0x000000000000a790                rtimer_arch_pending
                0x000000000000a7a7                rtimer_arch_check
                0x000000000000a812                rtimer_arch_now
 .text.__x86.get_pc_thunk.cx
                0x000000000000a82c        0x4 build/cooja/mtype801.a(rtimer-arch.o)
                0x000000000000a82c                __x86.get_pc_thunk.cx
 .text          0x000000000000a830      0x101 build/cooja/mtype801.a(beep.o)
                0x000000000000a830                beep_alarm
                0x000000000000a849                beep_beep
                0x000000000000a862                beep
                0x000000000000a87b                beep_down
                0x000000000000a894                beep_on
                0x000000000000a8ad                beep_off
                0x000000000000a8c6                beep_spinup
                0x000000000000a8df                beep_quick
                0x000000000000a8f8                beep_long
 .text          0x000000000000a931       0x9f build/cooja/mtype801.a(leds-arch.o)
                0x000000000000a955                leds_arch_init
 .text          0x000000000000a9d0       0x56 build/cooja/mtype801.a(moteid.o)
 .text          0x000000000000aa26      0x101 build/cooja/mtype801.a(pir-sensor.o)
 .text          0x000000000000ab27      0x1cc build/cooja/mtype801.a(rs232.o)
                0x000000000000ab27                rs232_init
                0x000000000000ab37                rs232_set_speed
                0x000000000000ab50                rs232_set_input
                0x000000000000ab69                rs232_send
                0x000000000000ab9f                rs232_print
                0x000000000000abcd                slip_arch_writeb
 .text          0x000000000000acf3      0x101 build/cooja/mtype801.a(vib-sensor.o)
 .text          0x000000000000adf4       0x7a build/cooja/mtype801.a(clock.o)
                0x000000000000adf4                clock_init
                0x000000000000ae04                clock_time
                0x000000000000ae1b                clock_seconds
                0x000000000000ae3e                clock_delay
 .text          0x000000000000ae6e      0x2b5 build/cooja/mtype801.a(cooja-log.o)
                0x000000000000ae6e                simlog_char
                0x000000000000aed2                simlog
                0x000000000000af6c                log_message
                0x000000000000afbb                log_set_putchar_with_slip
                0x000000000000afd4                log_putchar
                0x000000000000b05f                log_puts
                0x000000000000b091                log_printf
 .text          0x000000000000b123      0x36c build/cooja/mtype801.a(cfs-cooja.o)
                0x000000000000b123                cfs_open
                0x000000000000b19b                cfs_close
                0x000000000000b1b2                cfs_read
                0x000000000000b266                cfs_write
                0x000000000000b364                cfs_seek
                0x000000000000b401                cfs_remove
                0x000000000000b437                cfs_opendir
                0x000000000000b44b                cfs_readdir
                0x000000000000b45f                cfs_closedir
 .text          0x000000000000b48f      0x785 build/cooja/mtype801.a(cooja-radio.o)
                0x000000000000b4fd                radio_set_channel
                0x000000000000b516                radio_set_txpower
                0x000000000000b539                radio_signal_strength_last
                0x000000000000b54e                radio_signal_strength_current
                0x000000000000b563                radio_LQI
 .text          0x000000000000bc14      0x130 build/cooja/mtype801.a(eeprom.o)
                0x000000000000bc14                eeprom_init
                0x000000000000bc24                eeprom_read
                0x000000000000bca4                eeprom_write
 .text          0x000000000000bd44       0x4e build/cooja/mtype801.a(random.o)
                0x000000000000bd44                random_init
                0x000000000000bd74                random_rand
 .text          0x000000000000bd92      0x332 build/cooja/mtype801.a(sensors.o)
                0x000000000000bdd9                sensors_first
                0x000000000000bdf0                sensors_next
                0x000000000000be1b                sensors_changed
                0x000000000000be68                sensors_find
 .text          0x000000000000c0c4      0x3fc build/cooja/mtype801.a(leds.o)
                0x000000000000c0c4                leds_init
                0x000000000000c11c                leds_single_on
                0x000000000000c194                leds_single_off
                0x000000000000c20c                leds_single_toggle
                0x000000000000c250                leds_on
                0x000000000000c2e8                leds_off
                0x000000000000c380                leds_toggle
                0x000000000000c3e6                leds_set
                0x000000000000c41c                leds_get
 .text          0x000000000000c4c0      0x401 build/cooja/mtype801.a(gpio-hal-arch.o)
                0x000000000000c4c0                gpio_hal_arch_register_pin_callback
                0x000000000000c541                gpio_hal_arch_init
                0x000000000000c59b                gpio_hal_arch_no_port_interrupt_enable
                0x000000000000c5d5                gpio_hal_arch_no_port_interrupt_disable
                0x000000000000c60f                gpio_hal_arch_no_port_pin_cfg_set
                0x000000000000c63e                gpio_hal_arch_no_port_pin_cfg_get
                0x000000000000c66e                gpio_hal_arch_no_port_pin_set_input
                0x000000000000c68a                gpio_hal_arch_no_port_pin_set_output
                0x000000000000c6a6                gpio_hal_arch_no_port_set_pin
                0x000000000000c6d1                gpio_hal_arch_no_port_clear_pin
                0x000000000000c6fc                gpio_hal_arch_no_port_read_pin
                0x000000000000c72e                gpio_hal_arch_no_port_write_pin
                0x000000000000c762                gpio_hal_arch_no_port_set_pins
                0x000000000000c7b3                gpio_hal_arch_no_port_clear_pins
                0x000000000000c804                gpio_hal_arch_no_port_read_pins
                0x000000000000c857                gpio_hal_arch_no_port_write_pins
 .text          0x000000000000c8c1       0xc6 build/cooja/mtype801.a(buttons.o)
 .text          0x000000000000c987      0x3c1 build/cooja/mtype801.a(contiki-main.o)
                0x000000000000c987                main
 .text          0x000000000000cd48       0xb0 build/cooja/mtype801.a(autostart.o)
                0x000000000000cd48                autostart_start
                0x000000000000cda1                autostart_exit
 .text          0x000000000000cdf8       0x39 build/cooja/mtype801.a(energest.o)
                0x000000000000cdf8                energest_init
                0x000000000000ce08                energest_flush
                0x000000000000ce18                energest_get_total_time
 .text          0x000000000000ce31      0x527 build/cooja/mtype801.a(etimer.o)
                0x000000000000d086                etimer_request_poll
                0x000000000000d137                etimer_set
                0x000000000000d170                etimer_reset_with_new_interval
                0x000000000000d1af                etimer_reset
                0x000000000000d1e5                etimer_restart
                0x000000000000d21b                etimer_adjust
                0x000000000000d242                etimer_expired
                0x000000000000d25f                etimer_expiration_time
                0x000000000000d27b                etimer_start_time
                0x000000000000d28f                etimer_pending
                0x000000000000d2ac                etimer_next_expiration_time
                0x000000000000d2d4                etimer_stop
 .text          0x000000000000d358      0x4a3 build/cooja/mtype801.a(log.o)
                0x000000000000d358                log_6addr
                0x000000000000d3bc                log_6addr_compact_snprint
                0x000000000000d47c                log_6addr_compact
                0x000000000000d4e0                log_lladdr
                0x000000000000d567                log_lladdr_compact
                0x000000000000d5e4                log_bytes
                0x000000000000d638                log_set_level
                0x000000000000d716                log_get_level
                0x000000000000d7a7                log_level_to_str
 .text          0x000000000000d7fb      0x400 build/cooja/mtype801.a(ctimer.o)
                0x000000000000d93e                ctimer_init
                0x000000000000d983                ctimer_set
                0x000000000000d9b6                ctimer_set_with_process
                0x000000000000da4d                ctimer_reset
                0x000000000000dabb                ctimer_restart
                0x000000000000db29                ctimer_stop
                0x000000000000db89                ctimer_expired
 .text          0x000000000000dbfb      0x5cb build/cooja/mtype801.a(process.o)
                0x000000000000dbfb                process_alloc_event
                0x000000000000dc1c                process_start
                0x000000000000de21                process_exit
                0x000000000000de49                process_init
                0x000000000000e011                process_run
                0x000000000000e054                process_nevents
                0x000000000000e079                process_post
                0x000000000000e126                process_post_synch
                0x000000000000e16c                process_poll
                0x000000000000e1a8                process_is_running
 .text.__x86.get_pc_thunk.si
                0x000000000000e1c6        0x4 build/cooja/mtype801.a(process.o)
                0x000000000000e1c6                __x86.get_pc_thunk.si
 .text          0x000000000000e1ca      0x122 build/cooja/mtype801.a(rtimer.o)
                0x000000000000e1ca                rtimer_init
                0x000000000000e1e9                rtimer_set
                0x000000000000e277                rtimer_run_next
 .text          0x000000000000e2ec       0x36 build/cooja/mtype801.a(node-id.o)
                0x000000000000e2ec                node_id_init
 .text          0x000000000000e322       0xf6 build/cooja/mtype801.a(timer.o)
                0x000000000000e322                timer_set
                0x000000000000e351                timer_reset
                0x000000000000e388                timer_restart
                0x000000000000e3ae                timer_expired
                0x000000000000e3ec                timer_remaining
 .text          0x000000000000e418      0x311 build/cooja/mtype801.a(list.o)
                0x000000000000e418                list_init
                0x000000000000e431                list_head
                0x000000000000e445                list_copy
                0x000000000000e45f                list_tail
                0x000000000000e49f                list_add
                0x000000000000e4f5                list_push
                0x000000000000e52b                list_chop
                0x000000000000e59f                list_pop
                0x000000000000e5d1                list_remove
                0x000000000000e643                list_length
                0x000000000000e67b                list_insert
                0x000000000000e6ca                list_item_next
                0x000000000000e6eb                list_contains
 .text          0x000000000000e729      0x566 build/cooja/mtype801.a(button-hal.o)
                0x000000000000e91d                button_hal_get_by_id
                0x000000000000e967                button_hal_get_by_index
                0x000000000000e9a1                button_hal_get_state
                0x000000000000ea03                button_hal_init
 .text          0x000000000000ec8f      0x242 build/cooja/mtype801.a(serial-line.o)
                0x000000000000ec8f                serial_line_input_byte
                0x000000000000ee87                serial_line_init
 .text          0x000000000000eed1      0x1d6 build/cooja/mtype801.a(gpio-hal.o)
                0x000000000000eed1                gpio_hal_register_handler
                0x000000000000eeff                gpio_hal_event_handler
                0x000000000000ef6c                gpio_hal_init
                0x000000000000ef9b                gpio_hal_arch_port_toggle_pin
                0x000000000000efe6                gpio_hal_arch_port_toggle_pins
                0x000000000000f023                gpio_hal_arch_no_port_toggle_pin
                0x000000000000f070                gpio_hal_arch_no_port_toggle_pins
 .text          0x000000000000f0a7      0x3a9 build/cooja/mtype801.a(queuebuf.o)
                0x000000000000f0bb                queuebuf_init
                0x000000000000f0f7                queuebuf_numfree
                0x000000000000f121                queuebuf_new_from_packetbuf
                0x000000000000f1d5                queuebuf_update_attr_from_packetbuf
                0x000000000000f219                queuebuf_update_from_packetbuf
                0x000000000000f278                queuebuf_free
                0x000000000000f2d6                queuebuf_to_packetbuf
                0x000000000000f353                queuebuf_dataptr
                0x000000000000f39f                queuebuf_datalen
                0x000000000000f3cc                queuebuf_addr
                0x000000000000f40b                queuebuf_attr
                0x000000000000f440                queuebuf_debug_print
 .text          0x000000000000f450      0x4dd build/cooja/mtype801.a(packetbuf.o)
                0x000000000000f450                packetbuf_clear
                0x000000000000f486                packetbuf_copyfrom
                0x000000000000f4e6                packetbuf_copyto
                0x000000000000f584                packetbuf_hdralloc
                0x000000000000f614                packetbuf_hdrreduce
                0x000000000000f666                packetbuf_set_datalen
                0x000000000000f68b                packetbuf_dataptr
                0x000000000000f6b2                packetbuf_hdrptr
                0x000000000000f6c7                packetbuf_datalen
                0x000000000000f6dd                packetbuf_hdrlen
                0x000000000000f6fc                packetbuf_totlen
                0x000000000000f71c                packetbuf_remaininglen
                0x000000000000f739                packetbuf_attr_clear
                0x000000000000f79f                packetbuf_attr_copyto
                0x000000000000f7e5                packetbuf_attr_copyfrom
                0x000000000000f82b                packetbuf_set_attr
                0x000000000000f861                packetbuf_attr
                0x000000000000f887                packetbuf_set_addr
                0x000000000000f8cf                packetbuf_addr
                0x000000000000f8f9                packetbuf_holds_broadcast
 .text          0x000000000000f92d      0x13c build/cooja/mtype801.a(netstack.o)
                0x000000000000f92d                netstack_process_ip_callback
                0x000000000000f9ce                netstack_ip_packet_processor_add
                0x000000000000fa02                uip_ds6_ip_packet_processor_rm
                0x000000000000fa30                netstack_init
 .text          0x000000000000fa69       0x75 build/cooja/mtype801.a(linkaddr.o)
                0x000000000000fa69                linkaddr_copy
                0x000000000000fa89                linkaddr_cmp
                0x000000000000fabc                linkaddr_set_node_addr
 .text          0x000000000000fade      0x273 build/cooja/mtype801.a(csma.o)
 .text          0x000000000000fd51      0xa6f build/cooja/mtype801.a(csma-output.o)
                0x00000000000104c3                csma_output_packet
                0x0000000000010772                csma_output_init
 .text          0x00000000000107c0      0xe47 build/cooja/mtype801.a(uip-ds6.o)
                0x00000000000107c0                uip_ds6_default_prefix
                0x00000000000107d5                uip_ds6_set_default_prefix
                0x000000000001080b                uip_ds6_init
                0x0000000000010aa6                uip_ds6_periodic
                0x0000000000010b4e                uip_ds6_list_loop
                0x0000000000010c1d                uip_ds6_prefix_add
                0x0000000000010ce4                uip_ds6_prefix_rm
                0x0000000000010d01                uip_ds6_prefix_lookup
                0x0000000000010d54                uip_ds6_is_addr_onlink
                0x0000000000010de1                uip_ds6_addr_add
                0x0000000000010f23                uip_ds6_addr_rm
                0x0000000000010fe2                uip_ds6_addr_lookup
                0x0000000000011032                uip_ds6_get_link_local
                0x00000000000110d0                uip_ds6_get_global
                0x000000000001116e                uip_ds6_maddr_add
                0x00000000000111ea                uip_ds6_maddr_rm
                0x0000000000011207                uip_ds6_maddr_lookup
                0x000000000001125a                uip_ds6_aaddr_add
                0x00000000000112d3                uip_ds6_aaddr_rm
                0x00000000000112f0                uip_ds6_aaddr_lookup
                0x0000000000011340                uip_ds6_select_src
                0x00000000000114ae                uip_ds6_set_addr_iid
                0x00000000000114e3                uip_ds6_set_lladdr_from_iid
                0x0000000000011516                get_match_length
                0x00000000000115b1                uip_ds6_compute_reachable_time
 .text          0x0000000000011607      0x51a build/cooja/mtype801.a(uiplib.o)
                0x0000000000011607                uiplib_ip6addrconv
                0x00000000000117cd                uiplib_ip4addrconv
                0x000000000001189a                uiplib_ipaddr_print
                0x00000000000118fe                uiplib_ipaddr_snprint
 .text          0x0000000000011b21      0x43f build/cooja/mtype801.a(uip-ds6-route.o)
                0x0000000000011b83                uip_ds6_route_init
                0x0000000000011bbf                uip_ds6_route_nexthop
                0x0000000000011bd3                uip_ds6_route_head
                0x0000000000011be7                uip_ds6_route_next
                0x0000000000011bfb                uip_ds6_route_is_nexthop
                0x0000000000011c0f                uip_ds6_route_num_routes
                0x0000000000011c23                uip_ds6_route_lookup
                0x0000000000011c37                uip_ds6_route_add
                0x0000000000011c54                uip_ds6_route_rm
                0x0000000000011c64                uip_ds6_route_rm_by_nexthop
                0x0000000000011c74                uip_ds6_defrt_head
                0x0000000000011c9e                uip_ds6_defrt_add
                0x0000000000011d5e                uip_ds6_defrt_rm
                0x0000000000011dd7                uip_ds6_defrt_lookup
                0x0000000000011e4e                uip_ds6_defrt_choose
                0x0000000000011ed4                uip_ds6_defrt_periodic
 .text          0x0000000000011f60      0x43e build/cooja/mtype801.a(uip-ds6-nbr.o)
                0x0000000000011f60                uip_ds6_neighbors_init
                0x0000000000011f96                uip_ds6_nbr_add
                0x0000000000012030                uip_ds6_nbr_rm
                0x000000000001208f                uip_ds6_nbr_update_ll
                0x000000000001218c                uip_ds6_nbr_get_ipaddr
                0x00000000000121ab                uip_ds6_nbr_get_ll
                0x00000000000121d8                uip_ds6_nbr_num
                0x0000000000012232                uip_ds6_nbr_head
                0x000000000001225c                uip_ds6_nbr_next
                0x0000000000012289                uip_ds6_nbr_lookup
                0x00000000000122f0                uip_ds6_nbr_ll_lookup
                0x000000000001231d                uip_ds6_nbr_ipaddr_from_lladdr
                0x0000000000012350                uip_ds6_nbr_lladdr_from_ipaddr
                0x000000000001238e                uip_ds6_link_callback
 .text          0x000000000001239e      0x870 build/cooja/mtype801.a(tcpip.o)
                0x00000000000123c4                tcpip_output
                0x0000000000012473                udp_attach
                0x0000000000012495                udp_new
                0x00000000000124ef                udp_broadcast_new
                0x000000000001268f                tcpip_input
                0x0000000000012885                tcpip_ipv6_output
                0x0000000000012ac1                tcpip_poll_udp
                0x0000000000012af1                tcpip_uipcall
 .text          0x0000000000012c0e     0x1520 build/cooja/mtype801.a(uip6.o)
                0x0000000000012cc7                uip_chksum
                0x0000000000012dbf                uip_icmp6chksum
                0x0000000000012dde                uip_udpchksum
                0x0000000000012dfd                uip_init
                0x0000000000012e5c                uip_remove_ext_hdr
                0x0000000000012f57                uip_udp_new
                0x00000000000132d0                uip_process
                0x0000000000013fbe                uip_htons
                0x0000000000013fea                uip_htonl
                0x0000000000014034                uip_send
 .text          0x000000000001412e      0x7d4 build/cooja/mtype801.a(uip-nd6.o)
                0x00000000000148d7                uip_nd6_init
 .text          0x0000000000014902      0x44d build/cooja/mtype801.a(simple-udp.o)
                0x0000000000014940                simple_udp_send
                0x00000000000149b2                simple_udp_sendto
                0x0000000000014a1d                simple_udp_sendto_port
                0x0000000000014a86                simple_udp_register
 .text          0x0000000000014d4f     0x333d build/cooja/mtype801.a(sicslowpan.o)
                0x000000000001544d                netstack_sniffer_add
                0x0000000000015466                netstack_sniffer_remove
                0x000000000001804b                sicslowpan_init
                0x0000000000018077                sicslowpan_get_last_rssi
 .text          0x000000000001808c      0x610 build/cooja/mtype801.a(rpl.o)
                0x000000000001808c                rpl_lollipop_greater_than
                0x00000000000180ef                rpl_get_global_address
                0x0000000000018225                rpl_link_callback
                0x0000000000018288                rpl_has_joined
                0x00000000000182be                rpl_is_reachable
                0x0000000000018361                rpl_reset_prefix
                0x00000000000183dd                rpl_set_prefix_from_addr
                0x00000000000184ef                rpl_set_prefix
                0x0000000000018663                rpl_set_leaf_only
                0x0000000000018686                rpl_get_leaf_only
 .text          0x000000000001869c     0x11f4 build/cooja/mtype801.a(rpl-dag.o)
                0x000000000001869c                rpl_dag_state_to_str
                0x00000000000186ea                rpl_dag_get_root_ipaddr
                0x000000000001873a                rpl_dag_leave
                0x00000000000187f0                rpl_dag_poison_and_leave
                0x000000000001881c                rpl_dag_periodic
                0x00000000000188e1                rpl_is_addr_in_our_dag
                0x0000000000018940                rpl_get_default_instance
                0x000000000001896a                rpl_get_any_dag
                0x00000000000189e0                rpl_refresh_routes
                0x0000000000018a43                rpl_global_repair
                0x0000000000018b14                rpl_local_repair
                0x0000000000018b79                rpl_dag_ready_to_advertise
                0x0000000000018bd2                rpl_dag_update_state
                0x000000000001944e                rpl_process_dio
                0x00000000000194e9                rpl_process_dis
                0x000000000001953f                rpl_process_dao
                0x00000000000195e0                rpl_process_dao_ack
                0x000000000001969c                rpl_process_hbh
                0x00000000000196fc                rpl_dag_init_root
                0x000000000001985e                rpl_dag_init
 .text          0x0000000000019890      0x2e4 build/cooja/mtype801.a(rpl-dag-root.o)
                0x0000000000019890                rpl_dag_root_print_links
                0x00000000000199e9                rpl_dag_root_set_prefix
                0x0000000000019a24                rpl_dag_root_start
                0x0000000000019b32                rpl_dag_root_is_root
 .text          0x0000000000019b74       0x6b build/cooja/mtype801.a(watchdog.o)
                0x0000000000019b74                watchdog_init
                0x0000000000019b84                watchdog_start
                0x0000000000019b94                watchdog_periodic
                0x0000000000019bbf                watchdog_stop
                0x0000000000019bcf                watchdog_reboot
 .text          0x0000000000019bdf       0x75 build/cooja/mtype801.a(int-master.o)
                0x0000000000019bdf                int_master_enable
                0x0000000000019bf9                int_master_read_and_disable
                0x0000000000019c21                int_master_status_set
                0x0000000000019c3a                int_master_is_enabled
 .text          0x0000000000019c54      0x11d build/cooja/mtype801.a(stimer.o)
                0x0000000000019c54                stimer_set
                0x0000000000019c83                stimer_reset
                0x0000000000019cba                stimer_restart
                0x0000000000019ce0                stimer_expired
                0x0000000000019d1c                stimer_remaining
                0x0000000000019d48                stimer_elapsed
 .text          0x0000000000019d71      0x188 build/cooja/mtype801.a(ringbuf.o)
                0x0000000000019d71                ringbuf_init
                0x0000000000019dad                ringbuf_put
                0x0000000000019e35                ringbuf_get
                0x0000000000019eac                ringbuf_size
                0x0000000000019ec8                ringbuf_elements
 .text          0x0000000000019ef9      0x1ec build/cooja/mtype801.a(memb.o)
                0x0000000000019ef9                memb_init
                0x0000000000019f5d                memb_alloc
                0x0000000000019fca                memb_free
                0x000000000001a04b                memb_inmemb
                0x000000000001a094                memb_numfree
 .text          0x000000000001a0e5       0x31 build/cooja/mtype801.a(assert.o)
                0x000000000001a0e5                _xassert
 .text          0x000000000001a116      0x8d0 build/cooja/mtype801.a(nbr-table.o)
                0x000000000001a629                nbr_table_register
                0x000000000001a6a7                nbr_table_is_registered
                0x000000000001a6ec                nbr_table_head
                0x000000000001a759                nbr_table_next
                0x000000000001a7cb                nbr_table_add_lladdr
                0x000000000001a8bc                nbr_table_get_from_lladdr
                0x000000000001a919                nbr_table_remove
                0x000000000001a964                nbr_table_lock
                0x000000000001a98a                nbr_table_unlock
                0x000000000001a9b0                nbr_table_get_lladdr
 .text          0x000000000001a9e6      0x43d build/cooja/mtype801.a(link-stats.o)
                0x000000000001a9e6                link_stats_from_lladdr
                0x000000000001aa13                link_stats_get_lladdr
                0x000000000001aa40                link_stats_is_fresh
                0x000000000001aa8d                guess_etx_from_rssi
                0x000000000001ab13                link_stats_packet_sent
                0x000000000001ac44                link_stats_input_callback
                0x000000000001ad78                link_stats_reset
                0x000000000001adda                link_stats_init
 .text          0x000000000001ae23      0x1a8 build/cooja/mtype801.a(mac-sequence.o)
                0x000000000001ae23                mac_sequence_is_duplicate
                0x000000000001aee3                mac_sequence_register_seqno
 .text          0x000000000001afcb       0x2d build/cooja/mtype801.a(mac.o)
                0x000000000001afcb                mac_call_sent_callback
 .text          0x000000000001aff8      0x477 build/cooja/mtype801.a(framer-802154.o)
                0x000000000001b19b                framer_802154_setup_params
 .text          0x000000000001b46f      0xc1a build/cooja/mtype801.a(frame802154.o)
                0x000000000001b4aa                frame802154_get_pan_id
                0x000000000001b4c0                frame802154_set_pan_id
                0x000000000001b4e5                frame802154_has_panid
                0x000000000001b69e                frame802154_check_dest_panid
                0x000000000001b730                frame802154_is_broadcast_addr
                0x000000000001b787                frame802154_extract_linkaddr
                0x000000000001ba10                frame802154_hdrlen
                0x000000000001ba8d                frame802154_create_fcf
                0x000000000001bb4f                frame802154_create
                0x000000000001bcda                frame802154_parse_fcf
                0x000000000001bdc6                frame802154_parse
 .text          0x000000000001c089       0x4e build/cooja/mtype801.a(csma-security.o)
                0x000000000001c089                csma_security_create_frame
                0x000000000001c0ba                csma_security_parse_frame
 .text          0x000000000001c0d7      0x5b2 build/cooja/mtype801.a(uipbuf.o)
                0x000000000001c0d7                uipbuf_clear
                0x000000000001c10e                uipbuf_add_ext_hdr
                0x000000000001c1a9                uipbuf_set_len
                0x000000000001c1e3                uipbuf_set_len_field
                0x000000000001c219                uipbuf_get_len_field
                0x000000000001c243                uipbuf_get_next_header
                0x000000000001c37f                uipbuf_get_last_header
                0x000000000001c402                uipbuf_search_header
                0x000000000001c4c6                uipbuf_get_attr
                0x000000000001c4f7                uipbuf_set_attr
                0x000000000001c538                uipbuf_set_default_attr
                0x000000000001c579                uipbuf_clear_attr
                0x000000000001c5ad                uipbuf_set_attr_flag
                0x000000000001c5d9                uipbuf_clr_attr_flag
                0x000000000001c60b                uipbuf_is_attr_flag
                0x000000000001c639                uipbuf_init
 .text          0x000000000001c689      0x8b7 build/cooja/mtype801.a(uip-icmp6.o)
                0x000000000001c70e                uip_icmp6_input
                0x000000000001c76f                uip_icmp6_register_input_handler
                0x000000000001c923                uip_icmp6_error_output
                0x000000000001cc65                uip_icmp6_send
                0x000000000001ce93                uip_icmp6_echo_reply_callback_add
                0x000000000001ced6                uip_icmp6_echo_reply_callback_rm
                0x000000000001cf04                uip_icmp6_init
 .text          0x000000000001cf40      0x772 build/cooja/mtype801.a(uip-sr.o)
                0x000000000001cf40                uip_sr_num_nodes
                0x000000000001cfec                uip_sr_get_node
                0x000000000001d053                uip_sr_is_addr_reachable
                0x000000000001d110                uip_sr_expire_parent
                0x000000000001d163                uip_sr_update_node
                0x000000000001d2a7                uip_sr_init
                0x000000000001d2ed                uip_sr_node_head
                0x000000000001d317                uip_sr_node_next
                0x000000000001d33d                uip_sr_periodic
                0x000000000001d459                uip_sr_free_all
                0x000000000001d4de                uip_sr_link_snprint
 .text          0x000000000001d6b2      0x1a5 build/cooja/mtype801.a(uip-packetqueue)
                0x000000000001d6f2                uip_packetqueue_new
                0x000000000001d70b                uip_packetqueue_alloc
                0x000000000001d77a                uip_packetqueue_free
                0x000000000001d7d2                uip_packetqueue_buf
                0x000000000001d7f9                uip_packetqueue_buflen
                0x000000000001d824                uip_packetqueue_set_buflen
 .text          0x000000000001d857      0x152 build/cooja/mtype801.a(uip-udp-packet.)
                0x000000000001d857                uip_udp_packet_send
                0x000000000001d8d0                uip_udp_packet_sendto
 .text          0x000000000001d9a9     0x1491 build/cooja/mtype801.a(rpl-icmp6.o)
                0x000000000001db06                rpl_icmp6_update_nbr_table
                0x000000000001dbb8                rpl_icmp6_dis_output
                0x000000000001e1cd                rpl_icmp6_dio_output
                0x000000000001ea26                rpl_icmp6_dao_output
                0x000000000001ed53                rpl_icmp6_dao_ack_output
                0x000000000001edda                rpl_icmp6_init
 .text          0x000000000001ee3a      0xb0a build/cooja/mtype801.a(rpl-neighbor.o)
                0x000000000001eed6                rpl_neighbor_snprint
                0x000000000001f1be                rpl_neighbor_print_list
                0x000000000001f291                rpl_neighbor_count
                0x000000000001f374                rpl_neighbor_get_from_lladdr
                0x000000000001f3a1                rpl_neighbor_is_acceptable_parent
                0x000000000001f3e7                rpl_neighbor_get_link_metric
                0x000000000001f42d                rpl_neighbor_rank_via_nbr
                0x000000000001f473                rpl_neighbor_get_lladdr
                0x000000000001f4a0                rpl_neighbor_get_ipaddr
                0x000000000001f4d6                rpl_neighbor_get_link_stats
                0x000000000001f50c                rpl_neighbor_is_fresh
                0x000000000001f542                rpl_neighbor_is_reachable
                0x000000000001f59f                rpl_neighbor_is_parent
                0x000000000001f5d6                rpl_neighbor_set_preferred_parent
                0x000000000001f690                rpl_neighbor_remove_all
                0x000000000001f6fd                rpl_neighbor_get_from_ipaddr
                0x000000000001f837                rpl_neighbor_select_best
                0x000000000001f912                rpl_neighbor_init
 .text          0x000000000001f944      0xd8d build/cooja/mtype801.a(rpl-timers.o)
                0x000000000001f944                rpl_timers_schedule_periodic_dis
                0x000000000001faee                rpl_timers_dio_reset
                0x000000000001fc66                rpl_timers_schedule_unicast_dio
                0x000000000001fe39                rpl_timers_schedule_dao
                0x000000000001ff3f                rpl_timers_schedule_dao_ack
                0x000000000002000e                rpl_timers_notify_dao_ack
                0x0000000000020094                get_probing_delay
                0x00000000000200d9                get_probing_target
                0x000000000002030e                rpl_schedule_probing
                0x000000000002035a                rpl_schedule_probing_now
                0x00000000000203f4                rpl_timers_unschedule_leaving
                0x000000000002044e                rpl_timers_schedule_leaving
                0x00000000000204b3                rpl_timers_init
                0x0000000000020575                rpl_timers_stop_dag_timers
                0x0000000000020632                rpl_timers_unschedule_state_update
                0x000000000002066e                rpl_timers_schedule_state_update
 .text          0x00000000000206d1      0xd42 build/cooja/mtype801.a(rpl-ext-header.)
                0x00000000000206d1                rpl_ext_header_srh_get_next_hop
                0x00000000000207dc                rpl_ext_header_srh_update
                0x0000000000020e0e                rpl_ext_header_hbh_update
                0x000000000002118d                rpl_ext_header_update
                0x000000000002123c                rpl_ext_header_remove
 .text          0x0000000000021413      0x205 build/cooja/mtype801.a(rpl-nbr-policy.)
                0x00000000000215c6                rpl_nbr_policy_find_removable
 .text          0x0000000000021618      0x39b build/cooja/mtype801.a(rpl-mrhof.o)
 *fill*         0x00000000000219b3        0xd 
 .text          0x00000000000219c0       0x14 /usr/lib/i386-linux-gnu/libc_nonshared.a(stack_chk_fail_local.oS)
                0x00000000000219c0                __stack_chk_fail_local
 .text          0x00000000000219d4        0x0 /usr/lib/gcc/i686-linux-gnu/7/crtendS.o
 .text          0x00000000000219d4        0x0 /usr/lib/gcc/i686-linux-gnu/7/../../../i386-linux-gnu/crtn.o
 *(.gnu.warning)

.fini           0x00000000000219d4       0x14
 *(SORT_NONE(.fini))
 .fini          0x00000000000219d4        0xf /usr/lib/gcc/i686-linux-gnu/7/../../../i386-linux-gnu/crti.o
                0x00000000000219d4                _fini
 .fini          0x00000000000219e3        0x5 /usr/lib/gcc/i686-linux-gnu/7/../../../i386-linux-gnu/crtn.o
                [!provide]                        PROVIDE (__etext = .)
                [!provide]                        PROVIDE (_etext = .)
                [!provide]                        PROVIDE (etext = .)

.rodata         0x00000000000219e8      0x638
 *(.rodata .rodata.* .gnu.linkonce.r.*)
 .rodata        0x00000000000219e8       0xc6 udp-gateway.o
 *fill*         0x0000000000021aae        0x2 
 .rodata        0x0000000000021ab0        0x6 build/cooja/mtype801.a(leds-arch.o)
                0x0000000000021ab0                leds_arch_leds
 .rodata        0x0000000000021ab6        0x4 build/cooja/mtype801.a(pir-sensor.o)
 .rodata        0x0000000000021aba        0x6 build/cooja/mtype801.a(rs232.o)
 .rodata        0x0000000000021ac0        0xa build/cooja/mtype801.a(vib-sensor.o)
 *fill*         0x0000000000021aca        0x2 
 .rodata        0x0000000000021acc       0x27 build/cooja/mtype801.a(cfs-cooja.o)
 *fill*         0x0000000000021af3        0x1 
 .rodata        0x0000000000021af4       0x68 build/cooja/mtype801.a(cooja-radio.o)
 .rodata        0x0000000000021b5c        0x8 build/cooja/mtype801.a(sensors.o)
 .rodata        0x0000000000021b64       0x14 build/cooja/mtype801.a(buttons.o)
                0x0000000000021b70                button_hal_button_count
 .rodata        0x0000000000021b78       0xfc build/cooja/mtype801.a(contiki-main.o)
 .rodata        0x0000000000021c74        0xc build/cooja/mtype801.a(etimer.o)
 .rodata        0x0000000000021c80       0xc4 build/cooja/mtype801.a(log.o)
 .rodata        0x0000000000021d44        0xf build/cooja/mtype801.a(ctimer.o)
 .rodata        0x0000000000021d53       0x13 build/cooja/mtype801.a(button-hal.o)
 .rodata        0x0000000000021d66        0xe build/cooja/mtype801.a(serial-line.o)
 .rodata        0x0000000000021d74        0x8 build/cooja/mtype801.a(linkaddr.o)
                0x0000000000021d74                linkaddr_null
 .rodata        0x0000000000021d7c        0x5 build/cooja/mtype801.a(csma.o)
 *fill*         0x0000000000021d81        0x3 
 .rodata        0x0000000000021d84       0x2c build/cooja/mtype801.a(csma-output.o)
 .rodata        0x0000000000021db0       0x2d build/cooja/mtype801.a(uiplib.o)
 *fill*         0x0000000000021ddd        0x3 
 .rodata        0x0000000000021de0       0x4d build/cooja/mtype801.a(uip-ds6-route.o)
 .rodata        0x0000000000021e2d        0xd build/cooja/mtype801.a(tcpip.o)
 .rodata        0x0000000000021e3a       0x13 build/cooja/mtype801.a(simple-udp.o)
 *fill*         0x0000000000021e4d        0x3 
 .rodata        0x0000000000021e50       0x1f build/cooja/mtype801.a(sicslowpan.o)
                0x0000000000021e50                unc_llconf
                0x0000000000021e54                unc_ctxconf
                0x0000000000021e58                unc_mxconf
                0x0000000000021e5c                llprefix
 .rodata        0x0000000000021e6f        0x9 build/cooja/mtype801.a(rpl.o)
 .rodata        0x0000000000021e78       0xd7 build/cooja/mtype801.a(rpl-dag.o)
 *fill*         0x0000000000021f4f        0x1 
 .rodata        0x0000000000021f50       0x25 build/cooja/mtype801.a(assert.o)
 .rodata        0x0000000000021f75       0x44 build/cooja/mtype801.a(uip-sr.o)
 *fill*         0x0000000000021fb9        0x3 
 .rodata        0x0000000000021fbc       0x58 build/cooja/mtype801.a(rpl-neighbor.o)
 .rodata        0x0000000000022014        0xc build/cooja/mtype801.a(rpl-timers.o)

.rodata1
 *(.rodata1)

.eh_frame_hdr   0x0000000000022020     0x1644
 *(.eh_frame_hdr)
 .eh_frame_hdr  0x0000000000022020     0x1644 udp-gateway.o
                0x0000000000022020                __GNU_EH_FRAME_HDR
 *(.eh_frame_entry .eh_frame_entry.*)

.eh_frame       0x0000000000023664     0x6004
 *(.eh_frame)
 .eh_frame      0x0000000000023664       0x3c /usr/lib/gcc/i686-linux-gnu/7/../../../i386-linux-gnu/crti.o
                                         0x40 (size before relaxing)
 .eh_frame      0x00000000000236a0       0x14 /usr/lib/gcc/i686-linux-gnu/7/../../../i386-linux-gnu/crti.o
                                         0x2c (size before relaxing)
 .eh_frame      0x00000000000236b4       0xa8 udp-gateway.o
                                         0xd4 (size before relaxing)
 .eh_frame      0x000000000002375c      0x198 build/cooja/mtype801.o
                                        0x1ec (size before relaxing)
 .eh_frame      0x00000000000238f4       0x48 build/cooja/mtype801.a(simEnvChange.o)
                                         0x74 (size before relaxing)
 .eh_frame      0x000000000002393c       0x6c build/cooja/mtype801.a(cooja_mt.o)
                                         0x98 (size before relaxing)
 .eh_frame      0x00000000000239a8       0x88 build/cooja/mtype801.a(cooja_mtarch.o)
                                         0xc8 (size before relaxing)
 .eh_frame      0x0000000000023a30       0xe4 build/cooja/mtype801.a(rtimer-arch.o)
                                        0x110 (size before relaxing)
 .eh_frame      0x0000000000023b14      0x160 build/cooja/mtype801.a(beep.o)
                                        0x18c (size before relaxing)
 .eh_frame      0x0000000000023c74       0x88 build/cooja/mtype801.a(leds-arch.o)
                                         0xc8 (size before relaxing)
 .eh_frame      0x0000000000023cfc       0x44 build/cooja/mtype801.a(moteid.o)
                                         0x70 (size before relaxing)
 .eh_frame      0x0000000000023d40       0xa4 build/cooja/mtype801.a(pir-sensor.o)
                                         0xe4 (size before relaxing)
 .eh_frame      0x0000000000023de4      0x110 build/cooja/mtype801.a(rs232.o)
                                        0x150 (size before relaxing)
 .eh_frame      0x0000000000023ef4       0xa4 build/cooja/mtype801.a(vib-sensor.o)
                                         0xe4 (size before relaxing)
 .eh_frame      0x0000000000023f98       0xc0 build/cooja/mtype801.a(clock.o)
                                         0xec (size before relaxing)
 .eh_frame      0x0000000000024058      0x130 build/cooja/mtype801.a(cooja-log.o)
                                        0x170 (size before relaxing)
 .eh_frame      0x0000000000024188      0x16c build/cooja/mtype801.a(cfs-cooja.o)
                                        0x1ac (size before relaxing)
 .eh_frame      0x00000000000242f4      0x354 build/cooja/mtype801.a(cooja-radio.o)
                                        0x394 (size before relaxing)
 .eh_frame      0x0000000000024648       0xa8 build/cooja/mtype801.a(eeprom.o)
                                         0xe8 (size before relaxing)
 .eh_frame      0x00000000000246f0       0x48 build/cooja/mtype801.a(random.o)
                                         0x74 (size before relaxing)
 .eh_frame      0x0000000000024738       0xd0 build/cooja/mtype801.a(sensors.o)
                                        0x110 (size before relaxing)
 .eh_frame      0x0000000000024808      0x140 build/cooja/mtype801.a(leds.o)
                                        0x180 (size before relaxing)
 .eh_frame      0x0000000000024948      0x228 build/cooja/mtype801.a(gpio-hal-arch.o)
                                        0x27c (size before relaxing)
 .eh_frame      0x0000000000024b70       0xa4 build/cooja/mtype801.a(buttons.o)
                                         0xe4 (size before relaxing)
 .eh_frame      0x0000000000024c14       0x38 build/cooja/mtype801.a(contiki-main.o)
                                         0x64 (size before relaxing)
 .eh_frame      0x0000000000024c4c       0x48 build/cooja/mtype801.a(autostart.o)
                                         0x74 (size before relaxing)
 .eh_frame      0x0000000000024c94       0x60 build/cooja/mtype801.a(energest.o)
                                         0x8c (size before relaxing)
 .eh_frame      0x0000000000024cf4      0x204 build/cooja/mtype801.a(etimer.o)
                                        0x244 (size before relaxing)
 .eh_frame      0x0000000000024ef8      0x144 build/cooja/mtype801.a(log.o)
                                        0x184 (size before relaxing)
 .eh_frame      0x000000000002503c      0x11c build/cooja/mtype801.a(ctimer.o)
                                        0x15c (size before relaxing)
 .eh_frame      0x0000000000025158      0x1ec build/cooja/mtype801.a(process.o)
                                        0x22c (size before relaxing)
 .eh_frame      0x0000000000025344       0x6c build/cooja/mtype801.a(rtimer.o)
                                         0xc0 (size before relaxing)
 .eh_frame      0x00000000000253b0       0x20 build/cooja/mtype801.a(node-id.o)
                                         0x4c (size before relaxing)
 .eh_frame      0x00000000000253d0       0xb4 build/cooja/mtype801.a(timer.o)
                                         0xe0 (size before relaxing)
 .eh_frame      0x0000000000025484      0x1a0 build/cooja/mtype801.a(list.o)
                                        0x1cc (size before relaxing)
 .eh_frame      0x0000000000025624      0x188 build/cooja/mtype801.a(button-hal.o)
                                        0x1c8 (size before relaxing)
 .eh_frame      0x00000000000257ac       0x6c build/cooja/mtype801.a(serial-line.o)
                                         0x98 (size before relaxing)
 .eh_frame      0x0000000000025818       0xfc build/cooja/mtype801.a(gpio-hal.o)
                                        0x13c (size before relaxing)
 .eh_frame      0x0000000000025914      0x1c0 build/cooja/mtype801.a(queuebuf.o)
                                        0x200 (size before relaxing)
 .eh_frame      0x0000000000025ad4      0x2b0 build/cooja/mtype801.a(packetbuf.o)
                                        0x2f0 (size before relaxing)
 .eh_frame      0x0000000000025d84       0x90 build/cooja/mtype801.a(netstack.o)
                                         0xd0 (size before relaxing)
 .eh_frame      0x0000000000025e14       0x64 build/cooja/mtype801.a(linkaddr.o)
                                         0x90 (size before relaxing)
 .eh_frame      0x0000000000025e78       0xf0 build/cooja/mtype801.a(csma.o)
                                        0x130 (size before relaxing)
 .eh_frame      0x0000000000025f68      0x1f8 build/cooja/mtype801.a(csma-output.o)
                                        0x238 (size before relaxing)
 .eh_frame      0x0000000000026160      0x364 build/cooja/mtype801.a(uip-ds6.o)
                                        0x3a4 (size before relaxing)
 .eh_frame      0x00000000000264c4       0x9c build/cooja/mtype801.a(uiplib.o)
                                         0xdc (size before relaxing)
 .eh_frame      0x0000000000026560      0x240 build/cooja/mtype801.a(uip-ds6-route.o)
                                        0x280 (size before relaxing)
 .eh_frame      0x00000000000267a0      0x1e8 build/cooja/mtype801.a(uip-ds6-nbr.o)
                                        0x228 (size before relaxing)
 .eh_frame      0x0000000000026988      0x270 build/cooja/mtype801.a(tcpip.o)
                                        0x2b0 (size before relaxing)
 .eh_frame      0x0000000000026bf8      0x20c build/cooja/mtype801.a(uip6.o)
                                        0x24c (size before relaxing)
 .eh_frame      0x0000000000026e04       0x8c build/cooja/mtype801.a(uip-nd6.o)
                                         0xe0 (size before relaxing)
 .eh_frame      0x0000000000026e90       0xe8 build/cooja/mtype801.a(simple-udp.o)
                                        0x128 (size before relaxing)
 .eh_frame      0x0000000000026f78      0x354 build/cooja/mtype801.a(sicslowpan.o)
                                        0x3a8 (size before relaxing)
 .eh_frame      0x00000000000272cc      0x1fc build/cooja/mtype801.a(rpl.o)
                                        0x23c (size before relaxing)
 .eh_frame      0x00000000000274c8      0x3c0 build/cooja/mtype801.a(rpl-dag.o)
                                        0x414 (size before relaxing)
 .eh_frame      0x0000000000027888       0xb0 build/cooja/mtype801.a(rpl-dag-root.o)
                                         0xf0 (size before relaxing)
 .eh_frame      0x0000000000027938       0xa4 build/cooja/mtype801.a(watchdog.o)
                                         0xd0 (size before relaxing)
 .eh_frame      0x00000000000279dc       0x80 build/cooja/mtype801.a(int-master.o)
                                         0xac (size before relaxing)
 .eh_frame      0x0000000000027a5c       0xd8 build/cooja/mtype801.a(stimer.o)
                                        0x104 (size before relaxing)
 .eh_frame      0x0000000000027b34       0xa0 build/cooja/mtype801.a(ringbuf.o)
                                         0xcc (size before relaxing)
 .eh_frame      0x0000000000027bd4       0xa4 build/cooja/mtype801.a(memb.o)
                                         0xe4 (size before relaxing)
 .eh_frame      0x0000000000027c78       0x24 build/cooja/mtype801.a(assert.o)
                                         0x50 (size before relaxing)
 .eh_frame      0x0000000000027c9c      0x2cc build/cooja/mtype801.a(nbr-table.o)
                                        0x30c (size before relaxing)
 .eh_frame      0x0000000000027f68      0x140 build/cooja/mtype801.a(link-stats.o)
                                        0x180 (size before relaxing)
 .eh_frame      0x00000000000280a8       0x50 build/cooja/mtype801.a(mac-sequence.o)
                                         0x7c (size before relaxing)
 .eh_frame      0x00000000000280f8       0x20 build/cooja/mtype801.a(mac.o)
                                         0x4c (size before relaxing)
 .eh_frame      0x0000000000028118       0xb4 build/cooja/mtype801.a(framer-802154.o)
                                         0xf4 (size before relaxing)
 .eh_frame      0x00000000000281cc      0x1b0 build/cooja/mtype801.a(frame802154.o)
                                        0x1f0 (size before relaxing)
 .eh_frame      0x000000000002837c       0x44 build/cooja/mtype801.a(csma-security.o)
                                         0x84 (size before relaxing)
 .eh_frame      0x00000000000283c0      0x204 build/cooja/mtype801.a(uipbuf.o)
                                        0x230 (size before relaxing)
 .eh_frame      0x00000000000285c4      0x170 build/cooja/mtype801.a(uip-icmp6.o)
                                        0x1b0 (size before relaxing)
 .eh_frame      0x0000000000028734      0x1ac build/cooja/mtype801.a(uip-sr.o)
                                        0x1ec (size before relaxing)
 .eh_frame      0x00000000000288e0       0xec build/cooja/mtype801.a(uip-packetqueue)
                                        0x12c (size before relaxing)
 .eh_frame      0x00000000000289cc       0x44 build/cooja/mtype801.a(uip-udp-packet.)
                                         0x84 (size before relaxing)
 .eh_frame      0x0000000000028a10      0x1f0 build/cooja/mtype801.a(rpl-icmp6.o)
                                        0x230 (size before relaxing)
 .eh_frame      0x0000000000028c00      0x310 build/cooja/mtype801.a(rpl-neighbor.o)
                                        0x364 (size before relaxing)
 .eh_frame      0x0000000000028f10      0x418 build/cooja/mtype801.a(rpl-timers.o)
                                        0x458 (size before relaxing)
 .eh_frame      0x0000000000029328      0x144 build/cooja/mtype801.a(rpl-ext-header.)
                                        0x184 (size before relaxing)
 .eh_frame      0x000000000002946c       0x8c build/cooja/mtype801.a(rpl-nbr-policy.)
                                         0xcc (size before relaxing)
 .eh_frame      0x00000000000294f8      0x150 build/cooja/mtype801.a(rpl-mrhof.o)
                                        0x190 (size before relaxing)
 .eh_frame      0x0000000000029648       0x1c /usr/lib/i386-linux-gnu/libc_nonshared.a(stack_chk_fail_local.oS)
                                         0x48 (size before relaxing)
 .eh_frame      0x0000000000029664        0x4 /usr/lib/gcc/i686-linux-gnu/7/crtendS.o
 *(.eh_frame.*)

.gcc_except_table
 *(.gcc_except_table .gcc_except_table.*)

.gnu_extab
 *(.gnu_extab*)

.exception_ranges
 *(.exception_ranges .exception_ranges*)
                0x000000000002ac18                . = DATA_SEGMENT_ALIGN (CONSTANT (MAXPAGESIZE), CONSTANT (COMMONPAGESIZE))

.eh_frame
 *(.eh_frame)
 *(.eh_frame.*)

.gnu_extab
 *(.gnu_extab)

.gcc_except_table
 *(.gcc_except_table .gcc_except_table.*)

.exception_ranges
 *(.exception_ranges .exception_ranges*)

.tdata
 *(.tdata .tdata.* .gnu.linkonce.td.*)

.tbss
 *(.tbss .tbss.* .gnu.linkonce.tb.*)
 *(.tcommon)

.preinit_array
 *(.preinit_array)

.init_array     0x000000000002ac18        0x4
 *(SORT_BY_INIT_PRIORITY(.init_array.*) SORT_BY_INIT_PRIORITY(.ctors.*))
 *(.init_array EXCLUDE_FILE(*crtend?.o *crtend.o *crtbegin?.o *crtbegin.o) .ctors)
 .init_array    0x000000000002ac18        0x4 /usr/lib/gcc/i686-linux-gnu/7/crtbeginS.o

.fini_array     0x000000000002ac1c        0x4
 *(SORT_BY_INIT_PRIORITY(.fini_array.*) SORT_BY_INIT_PRIORITY(.dtors.*))
 *(.fini_array EXCLUDE_FILE(*crtend?.o *crtend.o *crtbegin?.o *crtbegin.o) .dtors)
 .fini_array    0x000000000002ac1c        0x4 /usr/lib/gcc/i686-linux-gnu/7/crtbeginS.o

.ctors
 *crtbegin.o(.ctors)
 *crtbegin?.o(.ctors)
 *(EXCLUDE_FILE(*crtend?.o *crtend.o) .ctors)
 *(SORT_BY_NAME(.ctors.*))
 *(.ctors)

.dtors
 *crtbegin.o(.dtors)
 *crtbegin?.o(.dtors)
 *(EXCLUDE_FILE(*crtend?.o *crtend.o) .dtors)
 *(SORT_BY_NAME(.dtors.*))
 *(.dtors)

.jcr
 *(.jcr)

.data.rel.ro    0x000000000002ac20      0x198
 *(.data.rel.ro.local* .gnu.linkonce.d.rel.ro.local.*)
 .data.rel.ro.local
                0x000000000002ac20        0x8 udp-gateway.o
                0x000000000002ac20                autostart_processes
 .data.rel.ro.local
                0x000000000002ac28        0x8 build/cooja/mtype801.a(beep.o)
                0x000000000002ac28                beep_interface
 .data.rel.ro.local
                0x000000000002ac30        0x8 build/cooja/mtype801.a(leds-arch.o)
                0x000000000002ac30                leds_interface
 .data.rel.ro.local
                0x000000000002ac38        0x8 build/cooja/mtype801.a(moteid.o)
                0x000000000002ac38                moteid_interface
 .data.rel.ro.local
                0x000000000002ac40       0x18 build/cooja/mtype801.a(pir-sensor.o)
                0x000000000002ac40                pir_interface
                0x000000000002ac48                pir_sensor
 .data.rel.ro.local
                0x000000000002ac58        0x8 build/cooja/mtype801.a(rs232.o)
                0x000000000002ac58                rs232_interface
 .data.rel.ro.local
                0x000000000002ac60       0x18 build/cooja/mtype801.a(vib-sensor.o)
                0x000000000002ac60                vib_interface
                0x000000000002ac68                vib_sensor
 .data.rel.ro.local
                0x000000000002ac78        0x8 build/cooja/mtype801.a(clock.o)
                0x000000000002ac78                clock_interface
 .data.rel.ro.local
                0x000000000002ac80        0x8 build/cooja/mtype801.a(cooja-log.o)
                0x000000000002ac80                simlog_interface
 .data.rel.ro.local
                0x000000000002ac88        0x8 build/cooja/mtype801.a(cfs-cooja.o)
                0x000000000002ac88                cfs_interface
 *fill*         0x000000000002ac90       0x10 
 .data.rel.ro.local
                0x000000000002aca0       0x58 build/cooja/mtype801.a(cooja-radio.o)
                0x000000000002aca0                radio_interface
                0x000000000002acc0                cooja_radio_driver
 .data.rel.ro.local
                0x000000000002acf8        0x8 build/cooja/mtype801.a(eeprom.o)
                0x000000000002acf8                eeprom_interface
 .data.rel.ro.local
                0x000000000002ad00       0x18 build/cooja/mtype801.a(buttons.o)
                0x000000000002ad00                button_interface
                0x000000000002ad08                button_sensor
 .data.rel.ro.local
                0x000000000002ad18       0x1c build/cooja/mtype801.a(csma.o)
                0x000000000002ad18                csma_driver
 .data.rel.ro.local
                0x000000000002ad34       0x10 build/cooja/mtype801.a(sicslowpan.o)
                0x000000000002ad34                sicslowpan_driver
 .data.rel.ro.local
                0x000000000002ad44        0xc build/cooja/mtype801.a(framer-802154.o)
                0x000000000002ad44                framer_802154
 *(.data.rel.ro .data.rel.ro.* .gnu.linkonce.d.rel.ro.*)
 .data.rel.ro   0x000000000002ad50        0x0 /usr/lib/gcc/i686-linux-gnu/7/../../../i386-linux-gnu/crti.o
 *fill*         0x000000000002ad50       0x10 
 .data.rel.ro   0x000000000002ad60       0x54 build/cooja/mtype801.a(rpl.o)
                0x000000000002ad60                rpl_lite_driver
 .data.rel.ro   0x000000000002adb4        0x4 build/cooja/mtype801.a(rpl-dag.o)

.dynamic        0x000000000002adb8       0xf0
 *(.dynamic)
 .dynamic       0x000000000002adb8       0xf0 /usr/lib/gcc/i686-linux-gnu/7/../../../i386-linux-gnu/crti.o
                0x000000000002adb8                _DYNAMIC

.got            0x000000000002aea8      0x148
 *(.got)
 .got           0x000000000002aea8      0x148 /usr/lib/gcc/i686-linux-gnu/7/../../../i386-linux-gnu/crti.o
 *(.igot)
                0x000000000002aff4                . = DATA_SEGMENT_RELRO_END (., (SIZEOF (.got.plt) >= 0xc)?0xc:0x0)

.got.plt        0x000000000002b000      0x4b8
 *(.got.plt)
 .got.plt       0x000000000002b000      0x4b8 /usr/lib/gcc/i686-linux-gnu/7/../../../i386-linux-gnu/crti.o
                0x000000000002b000                _GLOBAL_OFFSET_TABLE_
 *(.igot.plt)

.data           0x000000000002b4c0      0x384
 *(.data .data.* .gnu.linkonce.d.*)
 .data          0x000000000002b4c0        0x0 /usr/lib/gcc/i686-linux-gnu/7/../../../i386-linux-gnu/crti.o
 .data          0x000000000002b4c0        0x0 /usr/lib/gcc/i686-linux-gnu/7/crtbeginS.o
 .data.rel.local
                0x000000000002b4c0        0x4 /usr/lib/gcc/i686-linux-gnu/7/crtbeginS.o
                0x000000000002b4c0                __dso_handle
 .data          0x000000000002b4c4        0x0 udp-gateway.o
 .data.rel.local
                0x000000000002b4c4       0x10 udp-gateway.o
                0x000000000002b4c4                udp_gateway_process
 .data          0x000000000002b4d4        0x0 build/cooja/mtype801.o
 *fill*         0x000000000002b4d4        0xc 
 .data.rel      0x000000000002b4e0       0x44 build/cooja/mtype801.o
                0x000000000002b4e0                simInterfaces
                0x000000000002b514                sensors
 .data          0x000000000002b524        0x0 build/cooja/mtype801.a(simEnvChange.o)
 .data          0x000000000002b524        0x0 build/cooja/mtype801.a(cooja_mt.o)
 .data          0x000000000002b524        0x0 build/cooja/mtype801.a(cooja_mtarch.o)
 .data          0x000000000002b524        0x0 build/cooja/mtype801.a(rtimer-arch.o)
 .data          0x000000000002b524        0x0 build/cooja/mtype801.a(beep.o)
 .data          0x000000000002b524        0x0 build/cooja/mtype801.a(leds-arch.o)
 .data          0x000000000002b524        0x0 build/cooja/mtype801.a(moteid.o)
 .data          0x000000000002b524        0x0 build/cooja/mtype801.a(pir-sensor.o)
 .data          0x000000000002b524        0x0 build/cooja/mtype801.a(rs232.o)
 .data          0x000000000002b524        0x0 build/cooja/mtype801.a(vib-sensor.o)
 .data          0x000000000002b524        0x0 build/cooja/mtype801.a(clock.o)
 .data          0x000000000002b524        0x0 build/cooja/mtype801.a(cooja-log.o)
 .data          0x000000000002b524        0x0 build/cooja/mtype801.a(cfs-cooja.o)
 .data          0x000000000002b524       0x1c build/cooja/mtype801.a(cooja-radio.o)
                0x000000000002b524                simRadioHWOn
                0x000000000002b528                simSignalStrength
                0x000000000002b52c                simLastSignalStrength
                0x000000000002b530                simPower
                0x000000000002b534                simRadioChannel
                0x000000000002b538                simLQI
 .data.rel.local
                0x000000000002b540       0x10 build/cooja/mtype801.a(cooja-radio.o)
                0x000000000002b540                cooja_radio_process
 .data          0x000000000002b550        0x0 build/cooja/mtype801.a(eeprom.o)
 .data          0x000000000002b550        0x0 build/cooja/mtype801.a(random.o)
 .data          0x000000000002b550        0x0 build/cooja/mtype801.a(sensors.o)
 .data.rel.local
                0x000000000002b550       0x10 build/cooja/mtype801.a(sensors.o)
                0x000000000002b550                sensors_process
 .data          0x000000000002b560        0x0 build/cooja/mtype801.a(leds.o)
 .data          0x000000000002b560        0x0 build/cooja/mtype801.a(gpio-hal-arch.o)
 .data          0x000000000002b560        0x1 build/cooja/mtype801.a(buttons.o)
                0x000000000002b560                simButtonIsActive
 *fill*         0x000000000002b561       0x1f 
 .data.rel.local
                0x000000000002b580       0x58 build/cooja/mtype801.a(buttons.o)
                0x000000000002b5d0                button_hal_buttons
 .data          0x000000000002b5d8        0x0 build/cooja/mtype801.a(contiki-main.o)
 .data          0x000000000002b5d8        0x0 build/cooja/mtype801.a(autostart.o)
 .data          0x000000000002b5d8        0x0 build/cooja/mtype801.a(energest.o)
 .data          0x000000000002b5d8        0x0 build/cooja/mtype801.a(etimer.o)
 .data.rel.local
                0x000000000002b5d8       0x10 build/cooja/mtype801.a(etimer.o)
                0x000000000002b5d8                etimer_process
 .data          0x000000000002b5e8        0x4 build/cooja/mtype801.a(log.o)
                0x000000000002b5e8                curr_log_level_main
 *fill*         0x000000000002b5ec       0x14 
 .data.rel.local
                0x000000000002b600       0x9c build/cooja/mtype801.a(log.o)
                0x000000000002b600                all_modules
 .data          0x000000000002b69c        0x0 build/cooja/mtype801.a(ctimer.o)
 .data.rel.local
                0x000000000002b69c       0x14 build/cooja/mtype801.a(ctimer.o)
                0x000000000002b6a0                ctimer_process
 .data          0x000000000002b6b0        0x0 build/cooja/mtype801.a(process.o)
 .data          0x000000000002b6b0        0x0 build/cooja/mtype801.a(rtimer.o)
 .data          0x000000000002b6b0        0x0 build/cooja/mtype801.a(node-id.o)
 .data          0x000000000002b6b0        0x0 build/cooja/mtype801.a(timer.o)
 .data          0x000000000002b6b0        0x0 build/cooja/mtype801.a(list.o)
 .data          0x000000000002b6b0        0x0 build/cooja/mtype801.a(button-hal.o)
 .data.rel.local
                0x000000000002b6b0       0x10 build/cooja/mtype801.a(button-hal.o)
                0x000000000002b6b0                button_hal_process
 .data          0x000000000002b6c0        0x0 build/cooja/mtype801.a(serial-line.o)
 .data.rel.local
                0x000000000002b6c0       0x10 build/cooja/mtype801.a(serial-line.o)
                0x000000000002b6c0                serial_line_process
 .data          0x000000000002b6d0        0x0 build/cooja/mtype801.a(gpio-hal.o)
 .data.rel.local
                0x000000000002b6d0        0x4 build/cooja/mtype801.a(gpio-hal.o)
 .data          0x000000000002b6d4        0x0 build/cooja/mtype801.a(queuebuf.o)
 .data.rel.local
                0x000000000002b6d4       0x18 build/cooja/mtype801.a(queuebuf.o)
 .data          0x000000000002b6ec        0x0 build/cooja/mtype801.a(packetbuf.o)
 .data.rel.local
                0x000000000002b6ec        0x4 build/cooja/mtype801.a(packetbuf.o)
 .data          0x000000000002b6f0        0x0 build/cooja/mtype801.a(netstack.o)
 .data.rel.local
                0x000000000002b6f0        0x4 build/cooja/mtype801.a(netstack.o)
 .data          0x000000000002b6f4        0x0 build/cooja/mtype801.a(linkaddr.o)
 .data          0x000000000002b6f4        0x0 build/cooja/mtype801.a(csma.o)
 .data          0x000000000002b6f4        0x0 build/cooja/mtype801.a(csma-output.o)
 .data.rel.local
                0x000000000002b6f4       0x28 build/cooja/mtype801.a(csma-output.o)
 .data          0x000000000002b71c        0x0 build/cooja/mtype801.a(uip-ds6.o)
 .data          0x000000000002b71c        0x0 build/cooja/mtype801.a(uiplib.o)
 .data          0x000000000002b71c        0x0 build/cooja/mtype801.a(uip-ds6-route.o)
 .data.rel.local
                0x000000000002b71c       0x10 build/cooja/mtype801.a(uip-ds6-route.o)
 .data          0x000000000002b72c        0x0 build/cooja/mtype801.a(uip-ds6-nbr.o)
 .data.rel.local
                0x000000000002b72c       0x14 build/cooja/mtype801.a(uip-ds6-nbr.o)
 .data          0x000000000002b740        0x0 build/cooja/mtype801.a(tcpip.o)
 .data.rel.local
                0x000000000002b740       0x10 build/cooja/mtype801.a(tcpip.o)
                0x000000000002b740                tcpip_process
 .data          0x000000000002b750        0x0 build/cooja/mtype801.a(uip6.o)
 .data          0x000000000002b750        0x0 build/cooja/mtype801.a(uip-nd6.o)
 .data.rel.local
                0x000000000002b750        0xc build/cooja/mtype801.a(uip-nd6.o)
 .data          0x000000000002b75c        0x0 build/cooja/mtype801.a(simple-udp.o)
 .data.rel.local
                0x000000000002b75c       0x10 build/cooja/mtype801.a(simple-udp.o)
                0x000000000002b75c                simple_udp_process
 .data          0x000000000002b76c        0x0 build/cooja/mtype801.a(sicslowpan.o)
 .data          0x000000000002b76c        0x0 build/cooja/mtype801.a(rpl.o)
 .data          0x000000000002b76c        0x0 build/cooja/mtype801.a(rpl-dag.o)
 .data          0x000000000002b76c        0x0 build/cooja/mtype801.a(rpl-dag-root.o)
 .data          0x000000000002b76c        0x0 build/cooja/mtype801.a(watchdog.o)
 .data          0x000000000002b76c        0x0 build/cooja/mtype801.a(int-master.o)
 .data          0x000000000002b76c        0x0 build/cooja/mtype801.a(stimer.o)
 .data          0x000000000002b76c        0x0 build/cooja/mtype801.a(ringbuf.o)
 .data          0x000000000002b76c        0x0 build/cooja/mtype801.a(memb.o)
 .data          0x000000000002b76c        0x0 build/cooja/mtype801.a(assert.o)
 .data          0x000000000002b76c        0x0 build/cooja/mtype801.a(nbr-table.o)
 .data.rel.local
                0x000000000002b76c       0x10 build/cooja/mtype801.a(nbr-table.o)
 .data          0x000000000002b77c        0x0 build/cooja/mtype801.a(link-stats.o)
 .data.rel.local
                0x000000000002b77c       0x14 build/cooja/mtype801.a(link-stats.o)
 .data          0x000000000002b790        0x0 build/cooja/mtype801.a(mac-sequence.o)
 .data          0x000000000002b790        0x0 build/cooja/mtype801.a(mac.o)
 .data          0x000000000002b790        0x0 build/cooja/mtype801.a(framer-802154.o)
 .data          0x000000000002b790        0x2 build/cooja/mtype801.a(frame802154.o)
 .data          0x000000000002b792        0x0 build/cooja/mtype801.a(csma-security.o)
 .data          0x000000000002b792        0x0 build/cooja/mtype801.a(uipbuf.o)
 .data          0x000000000002b792        0x0 build/cooja/mtype801.a(uip-icmp6.o)
 *fill*         0x000000000002b792        0x2 
 .data.rel.local
                0x000000000002b794       0x20 build/cooja/mtype801.a(uip-icmp6.o)
 .data          0x000000000002b7b4        0x0 build/cooja/mtype801.a(uip-sr.o)
 .data.rel.local
                0x000000000002b7b4       0x10 build/cooja/mtype801.a(uip-sr.o)
 .data          0x000000000002b7c4        0x0 build/cooja/mtype801.a(uip-packetqueue)
 .data.rel.local
                0x000000000002b7c4        0xc build/cooja/mtype801.a(uip-packetqueue)
 .data          0x000000000002b7d0        0x0 build/cooja/mtype801.a(uip-udp-packet.)
 .data          0x000000000002b7d0        0x0 build/cooja/mtype801.a(rpl-icmp6.o)
 .data.rel.local
                0x000000000002b7d0       0x30 build/cooja/mtype801.a(rpl-icmp6.o)
 .data          0x000000000002b800        0x0 build/cooja/mtype801.a(rpl-neighbor.o)
 .data.rel.local
                0x000000000002b800       0x14 build/cooja/mtype801.a(rpl-neighbor.o)
                0x000000000002b810                rpl_neighbors
 .data          0x000000000002b814        0x0 build/cooja/mtype801.a(rpl-timers.o)
 .data          0x000000000002b814        0x0 build/cooja/mtype801.a(rpl-ext-header.)
 .data          0x000000000002b814        0x0 build/cooja/mtype801.a(rpl-nbr-policy.)
 .data          0x000000000002b814        0x0 build/cooja/mtype801.a(rpl-mrhof.o)
 *fill*         0x000000000002b814        0xc 
 .data.rel.local
                0x000000000002b820       0x24 build/cooja/mtype801.a(rpl-mrhof.o)
                0x000000000002b820                rpl_mrhof
 .data          0x000000000002b844        0x0 /usr/lib/i386-linux-gnu/libc_nonshared.a(stack_chk_fail_local.oS)
 .data          0x000000000002b844        0x0 /usr/lib/gcc/i686-linux-gnu/7/crtendS.o
 .data          0x000000000002b844        0x0 /usr/lib/gcc/i686-linux-gnu/7/../../../i386-linux-gnu/crtn.o

.tm_clone_table
                0x000000000002b844        0x0
 .tm_clone_table
                0x000000000002b844        0x0 /usr/lib/gcc/i686-linux-gnu/7/crtbeginS.o
 .tm_clone_table
                0x000000000002b844        0x0 /usr/lib/gcc/i686-linux-gnu/7/crtendS.o

.data1
 *(.data1)
                0x000000000002b844                _edata = .
                [!provide]                        PROVIDE (edata = .)
                0x000000000002b844                . = .
                0x000000000002b844                __bss_start = .

.bss            0x000000000002b860    0x14cc0
 *(.dynbss)
 .dynbss        0x000000000002b860        0x0 /usr/lib/gcc/i686-linux-gnu/7/../../../i386-linux-gnu/crti.o
 *(.bss .bss.* .gnu.linkonce.b.*)
 .bss           0x000000000002b860        0x0 /usr/lib/gcc/i686-linux-gnu/7/../../../i386-linux-gnu/crti.o
 .bss           0x000000000002b860        0x1 /usr/lib/gcc/i686-linux-gnu/7/crtbeginS.o
 *fill*         0x000000000002b861       0x1f 
 .bss           0x000000000002b880      0xff0 udp-gateway.o
 *fill*         0x000000000002c870       0x10 
 .bss           0x000000000002c880     0x2030 build/cooja/mtype801.o
 .bss           0x000000000002e8b0        0x1 build/cooja/mtype801.a(simEnvChange.o)
                0x000000000002e8b0                simDontFallAsleep
 *fill*         0x000000000002e8b1        0x3 
 .bss           0x000000000002e8b4        0x4 build/cooja/mtype801.a(cooja_mt.o)
 .bss           0x000000000002e8b8        0x4 build/cooja/mtype801.a(cooja_mtarch.o)
 .bss           0x000000000002e8bc        0x0 build/cooja/mtype801.a(rtimer-arch.o)
 .bss           0x000000000002e8bc        0x0 build/cooja/mtype801.a(beep.o)
 .bss           0x000000000002e8bc        0x1 build/cooja/mtype801.a(leds-arch.o)
                0x000000000002e8bc                simLedsValue
 .bss           0x000000000002e8bd        0x0 build/cooja/mtype801.a(moteid.o)
 .bss           0x000000000002e8bd        0x1 build/cooja/mtype801.a(pir-sensor.o)
                0x000000000002e8bd                simPirValue
 *fill*         0x000000000002e8be        0x2 
 .bss           0x000000000002e8c0        0x4 build/cooja/mtype801.a(rs232.o)
 .bss           0x000000000002e8c4        0x1 build/cooja/mtype801.a(vib-sensor.o)
                0x000000000002e8c4                simVibValue
 .bss           0x000000000002e8c5        0x0 build/cooja/mtype801.a(clock.o)
 *fill*         0x000000000002e8c5       0x1b 
 .bss           0x000000000002e8e0     0x2020 build/cooja/mtype801.a(cooja-log.o)
 .bss           0x0000000000030900      0xfc0 build/cooja/mtype801.a(cfs-cooja.o)
                0x0000000000030900                simCFSData
                0x00000000000318a0                simCFSSize
                0x00000000000318a4                simCFSChanged
                0x00000000000318a8                simCFSRead
                0x00000000000318ac                simCFSWritten
 .bss           0x00000000000318c0       0x24 build/cooja/mtype801.a(cooja-radio.o)
                0x00000000000318c0                simReceiving
                0x00000000000318c4                simInSize
                0x00000000000318c8                simLastPacketTimestamp
                0x00000000000318d0                simOutSize
 .bss           0x00000000000318e4        0xc build/cooja/mtype801.a(eeprom.o)
                0x00000000000318e4                simEEPROMChanged
                0x00000000000318e8                simEEPROMRead
                0x00000000000318ec                simEEPROMWritten
 .bss           0x00000000000318f0        0x0 build/cooja/mtype801.a(random.o)
 .bss           0x00000000000318f0        0xc build/cooja/mtype801.a(sensors.o)
 .bss           0x00000000000318fc        0x0 build/cooja/mtype801.a(leds.o)
 .bss           0x00000000000318fc       0x24 build/cooja/mtype801.a(gpio-hal-arch.o)
 .bss           0x0000000000031920        0x0 build/cooja/mtype801.a(buttons.o)
 .bss           0x0000000000031920        0x0 build/cooja/mtype801.a(contiki-main.o)
 .bss           0x0000000000031920        0x0 build/cooja/mtype801.a(autostart.o)
 .bss           0x0000000000031920        0x0 build/cooja/mtype801.a(energest.o)
 .bss           0x0000000000031920        0x8 build/cooja/mtype801.a(etimer.o)
 .bss           0x0000000000031928       0x2c build/cooja/mtype801.a(log.o)
                0x0000000000031928                curr_log_level_rpl
                0x000000000003192c                curr_log_level_tcpip
                0x0000000000031930                curr_log_level_ipv6
                0x0000000000031934                curr_log_level_6lowpan
                0x0000000000031938                curr_log_level_nullnet
                0x000000000003193c                curr_log_level_mac
                0x0000000000031940                curr_log_level_framer
                0x0000000000031944                curr_log_level_6top
                0x0000000000031948                curr_log_level_coap
                0x000000000003194c                curr_log_level_snmp
                0x0000000000031950                curr_log_level_lwm2m
 .bss           0x0000000000031954        0x5 build/cooja/mtype801.a(ctimer.o)
 *fill*         0x0000000000031959        0x7 
 .bss           0x0000000000031960      0x1a1 build/cooja/mtype801.a(process.o)
                0x0000000000031960                process_list
                0x0000000000031964                process_current
 *fill*         0x0000000000031b01        0x3 
 .bss           0x0000000000031b04        0x4 build/cooja/mtype801.a(rtimer.o)
 .bss           0x0000000000031b08        0x2 build/cooja/mtype801.a(node-id.o)
                0x0000000000031b08                node_id
 .bss           0x0000000000031b0a        0x0 build/cooja/mtype801.a(timer.o)
 .bss           0x0000000000031b0a        0x0 build/cooja/mtype801.a(list.o)
 *fill*         0x0000000000031b0a        0x2 
 .bss           0x0000000000031b0c       0x10 build/cooja/mtype801.a(button-hal.o)
 *fill*         0x0000000000031b1c        0x4 
 .bss           0x0000000000031b20      0x140 build/cooja/mtype801.a(serial-line.o)
 .bss           0x0000000000031c60        0x4 build/cooja/mtype801.a(gpio-hal.o)
 *fill*         0x0000000000031c64       0x1c 
 .bss           0x0000000000031c80     0x2c80 build/cooja/mtype801.a(queuebuf.o)
 .bss           0x0000000000034900       0xa0 build/cooja/mtype801.a(packetbuf.o)
 .bss           0x00000000000349a0        0x4 build/cooja/mtype801.a(netstack.o)
 .bss           0x00000000000349a4        0x0 build/cooja/mtype801.a(linkaddr.o)
 .bss           0x00000000000349a4        0x0 build/cooja/mtype801.a(csma.o)
 *fill*         0x00000000000349a4       0x1c 
 .bss           0x00000000000349c0      0x726 build/cooja/mtype801.a(csma-output.o)
 *fill*         0x00000000000350e6        0x2 
 .bss           0x00000000000350e8       0x30 build/cooja/mtype801.a(uip-ds6.o)
 .bss           0x0000000000035118        0x0 build/cooja/mtype801.a(uiplib.o)
 *fill*         0x0000000000035118        0x8 
 .bss           0x0000000000035120       0x60 build/cooja/mtype801.a(uip-ds6-route.o)
 .bss           0x0000000000035180     0x1c20 build/cooja/mtype801.a(uip-ds6-nbr.o)
 .bss           0x0000000000036da0       0x10 build/cooja/mtype801.a(tcpip.o)
 .bss           0x0000000000036db0        0x8 build/cooja/mtype801.a(uip6.o)
                0x0000000000036db0                uip_ext_bitmap
                0x0000000000036db2                uip_ext_len
                0x0000000000036db4                uip_last_proto
 .bss           0x0000000000036db8       0x10 build/cooja/mtype801.a(uip-nd6.o)
 *fill*         0x0000000000036dc8       0x18 
 .bss           0x0000000000036de0      0x520 build/cooja/mtype801.a(simple-udp.o)
 .bss           0x0000000000037300      0x724 build/cooja/mtype801.a(sicslowpan.o)
 .bss           0x0000000000037a24        0x1 build/cooja/mtype801.a(rpl.o)
 .bss           0x0000000000037a25        0x0 build/cooja/mtype801.a(rpl-dag.o)
 *fill*         0x0000000000037a25        0x3 
 .bss           0x0000000000037a28       0x11 build/cooja/mtype801.a(rpl-dag-root.o)
 .bss           0x0000000000037a39        0x0 build/cooja/mtype801.a(watchdog.o)
 *fill*         0x0000000000037a39        0x3 
 .bss           0x0000000000037a3c        0x4 build/cooja/mtype801.a(int-master.o)
 .bss           0x0000000000037a40        0x0 build/cooja/mtype801.a(stimer.o)
 .bss           0x0000000000037a40        0x0 build/cooja/mtype801.a(ringbuf.o)
 .bss           0x0000000000037a40        0x0 build/cooja/mtype801.a(memb.o)
 .bss           0x0000000000037a40        0x0 build/cooja/mtype801.a(assert.o)
 .bss           0x0000000000037a40     0x1214 build/cooja/mtype801.a(nbr-table.o)
 *fill*         0x0000000000038c54        0xc 
 .bss           0x0000000000038c60      0xe10 build/cooja/mtype801.a(link-stats.o)
 *fill*         0x0000000000039a70       0x10 
 .bss           0x0000000000039a80      0x100 build/cooja/mtype801.a(mac-sequence.o)
 .bss           0x0000000000039b80        0x0 build/cooja/mtype801.a(mac.o)
 .bss           0x0000000000039b80        0x2 build/cooja/mtype801.a(framer-802154.o)
 .bss           0x0000000000039b82        0x0 build/cooja/mtype801.a(frame802154.o)
 .bss           0x0000000000039b82        0x0 build/cooja/mtype801.a(csma-security.o)
 *fill*         0x0000000000039b82        0x2 
 .bss           0x0000000000039b84       0x18 build/cooja/mtype801.a(uipbuf.o)
 .bss           0x0000000000039b9c       0x18 build/cooja/mtype801.a(uip-icmp6.o)
 *fill*         0x0000000000039bb4        0xc 
 .bss           0x0000000000039bc0     0x1d80 build/cooja/mtype801.a(uip-sr.o)
 .bss           0x000000000003b940      0xa78 build/cooja/mtype801.a(uip-packetqueue)
 .bss           0x000000000003c3b8        0x0 build/cooja/mtype801.a(uip-udp-packet.)
 .bss           0x000000000003c3b8        0x0 build/cooja/mtype801.a(rpl-icmp6.o)
 *fill*         0x000000000003c3b8        0x8 
 .bss           0x000000000003c3c0      0x960 build/cooja/mtype801.a(rpl-neighbor.o)
 .bss           0x000000000003cd20       0x40 build/cooja/mtype801.a(rpl-timers.o)
 .bss           0x000000000003cd60        0x0 build/cooja/mtype801.a(rpl-ext-header.)
 .bss           0x000000000003cd60        0xe build/cooja/mtype801.a(rpl-nbr-policy.)
 .bss           0x000000000003cd6e        0x0 build/cooja/mtype801.a(rpl-mrhof.o)
 .bss           0x000000000003cd6e        0x0 /usr/lib/i386-linux-gnu/libc_nonshared.a(stack_chk_fail_local.oS)
 .bss           0x000000000003cd6e        0x0 /usr/lib/gcc/i686-linux-gnu/7/crtendS.o
 .bss           0x000000000003cd6e        0x0 /usr/lib/gcc/i686-linux-gnu/7/../../../i386-linux-gnu/crtn.o
 *(COMMON)
 *fill*         0x000000000003cd6e        0x2 
 COMMON         0x000000000003cd70        0x8 build/cooja/mtype801.o
                0x000000000003cd70                referenceVar
                0x000000000003cd74                sensors_flags
 COMMON         0x000000000003cd78        0xc build/cooja/mtype801.a(simEnvChange.o)
                0x000000000003cd78                simEtimerPending
                0x000000000003cd7c                simProcessRunValue
                0x000000000003cd80                simEtimerNextExpirationTime
 *fill*         0x000000000003cd84        0x4 
 COMMON         0x000000000003cd88       0x18 build/cooja/mtype801.a(rtimer-arch.o)
                0x000000000003cd88                simRtimerPending
                0x000000000003cd90                simRtimerCurrentTicks
                0x000000000003cd98                simRtimerNextExpirationTime
 COMMON         0x000000000003cda0        0x1 build/cooja/mtype801.a(beep.o)
                0x000000000003cda0                simBeeped
 *fill*         0x000000000003cda1        0x3 
 COMMON         0x000000000003cda4        0xc build/cooja/mtype801.a(moteid.o)
                0x000000000003cda4                simRandomSeed
                0x000000000003cda8                simMoteIDChanged
                0x000000000003cdac                simMoteID
 COMMON         0x000000000003cdb0        0x2 build/cooja/mtype801.a(pir-sensor.o)
                0x000000000003cdb0                simPirIsActive
                0x000000000003cdb1                simPirChanged
 *fill*         0x000000000003cdb2        0xe 
 COMMON         0x000000000003cdc0      0x820 build/cooja/mtype801.a(rs232.o)
                0x000000000003cdc0                simSerialReceivingFlag
                0x000000000003cdc4                simSerialReceivingLength
                0x000000000003cde0                simSerialReceivingData
 COMMON         0x000000000003d5e0        0x2 build/cooja/mtype801.a(vib-sensor.o)
                0x000000000003d5e0                simVibChanged
                0x000000000003d5e1                simVibIsActive
 *fill*         0x000000000003d5e2        0x2 
 COMMON         0x000000000003d5e4        0x4 build/cooja/mtype801.a(clock.o)
                0x000000000003d5e4                simCurrentTime
 *fill*         0x000000000003d5e8       0x18 
 COMMON         0x000000000003d600     0x2020 build/cooja/mtype801.a(cooja-log.o)
                0x000000000003d600                simLoggedLength
                0x000000000003d604                simLoggedFlag
                0x000000000003d620                simLoggedData
 COMMON         0x000000000003f620       0xfd build/cooja/mtype801.a(cooja-radio.o)
                0x000000000003f620                simOutDataBuffer
                0x000000000003f6a0                simInDataBuffer
 *fill*         0x000000000003f71d        0x3 
 COMMON         0x000000000003f720      0x400 build/cooja/mtype801.a(eeprom.o)
                0x000000000003f720                simEEPROMData
 COMMON         0x000000000003fb20        0x1 build/cooja/mtype801.a(sensors.o)
                0x000000000003fb20                sensors_event
 COMMON         0x000000000003fb21        0x2 build/cooja/mtype801.a(buttons.o)
                0x000000000003fb21                simButtonIsDown